✅ Data manager working - found 5 doctors
==================================================
🏥 Doctor Appointment Scheduler
==================================================
Starting Flask application...
Available endpoints:
  🏠 Homepage: http://localhost:5000
  📅 Booking: http://localhost:5000/booking/<doctor_id>
  📋 My Bookings: http://localhost:5000/my_bookings
  📊 Admin Stats: http://localhost:5000/admin/stats
  ✅ Health Check: http://localhost:5000/health
  🧪 Test Page: http://localhost:5000/test
==================================================
🔧 Server Configuration:
  • Host: 127.0.0.1 (localhost only)
  • Port: 5000
  • Debug: True
  • Threaded: True
==================================================
 * Serving Flask app 'app'
 * Debug mode: on
[31m[1mWARNING: This is a development server. Do not use it in a production deployment. Use a production WSGI server instead.[0m
 * Running on http://127.0.0.1:5000
[33mPress CTRL+C to quit[0m
 * Restarting with stat
 * Debugger is active!
 * Debugger PIN: 553-403-851
/Library/Frameworks/Python.framework/Versions/3.13/lib/python3.13/multiprocessing/resource_tracker.py:301: UserWarning: resource_tracker: There appear to be 1 leaked semaphore objects to clean up at shutdown: {'/mp-vu1zsi8q'}
  warnings.warn(
/Library/Frameworks/Python.framework/Versions/3.13/lib/python3.13/multiprocessing/resource_tracker.py:301: UserWarning: resource_tracker: There appear to be 1 leaked semaphore objects to clean up at shutdown: {'/mp-57fimfp2'}
  warnings.warn(
